title: None
comment: None
start_symbol: Start
grammar_type: LLK
name: INITIAL;line_comments: [];block_comments: [];auto_newline_off: false;auto_ws_off: false;
Start: Alts(Alt(<0>T("a"), N(B)^ /* Clipped */));
B: Alts(Alt(<0>T("b")));
