title: None
comment: None
start_symbol: Start
grammar_type: LLK
name: INITIAL;line_comments: [];block_comments: [];auto_newline_off: false;auto_ws_off: false;
Start: Alts(Alt(<0>T("a")@member1 : i32, <0>T("b")@member2, N(C)@member3));
C: Alts(Alt(<0>T("c")));
